# serializer version: 1
# name: test_setup
  None
# ---
